Disposable frame target process: 60872
Preview window ID: 17912
Inline picker visible: 17912
Inline picker visible: 17912
Fixture keyboard context: active=true, key_window=true, foreground_manager=true, foreground_child=false
Inline picker visible: 17912
Inline picker visible: 17912
Fixture keyboard context: active=true, key_window=true, foreground_manager=true, foreground_child=false
Integrated inline picker attachment submitted
Inline picker visible: 17912
Inline picker visible: 17912
Fixture keyboard context: active=true, key_window=true, foreground_manager=true, foreground_child=false
Integrated inline picker attachment submitted
Polish: waiting for native minimize/order transition, tick=0, hit=17915, manager=17912, members=[(2, 17914, 60872), (1, 17915, 60872)]
Native pointer routing passed: app content targets the external app; tab controls target AppDock
Polish: selected minimize kept workspace usable; opaque Restore surface, pointer routing, actual Restore button, and picker actions passed
Polish: waiting for native minimize/order transition, tick=0, hit=17914, manager=17912, members=[(2, 17914, 60872), (1, 17915, 60872)]

thread 'main' (5009564) panicked at src/ui/fixtures.rs:864:13:
assertion `left == right` failed: A window above the docked app is intercepting pointer input
  left: 9927
 right: 17914
note: run with `RUST_BACKTRACE=1` environment variable to display a backtrace
