Disposable frame target process: 86224
Preview window ID: 18338
Inline picker visible: 18338
Inline picker visible: 18338
Fixture keyboard context: active=true, key_window=true, foreground_manager=true, foreground_child=false
Inline picker visible: 18338
Inline picker visible: 18338
Fixture keyboard context: active=true, key_window=true, foreground_manager=true, foreground_child=false
Integrated inline picker attachment submitted
Inline picker visible: 18338
Inline picker visible: 18338
Fixture keyboard context: active=true, key_window=true, foreground_manager=true, foreground_child=false
Integrated inline picker attachment submitted
Polish: waiting for native minimize/order transition, tick=0, hit=18341, manager=18338, members=[(2, 18340, 86224), (1, 18341, 86224)]
Native pointer routing passed: app content targets the external app; tab controls target AppDock
Polish: selected minimize kept workspace usable; opaque Restore surface, pointer routing, actual Restore button, and picker actions passed
Polish: waiting for native minimize/order transition, tick=0, hit=18340, manager=18338, members=[(2, 18340, 86224), (1, 18341, 86224)]
Native pointer routing passed: app content targets the external app; tab controls target AppDock
Polish: healthy tab switched, moved and resized while the inactive tab stayed minimized
Polish: explicit tab selection restored its window; closing restores original geometry
Integrated restoration complete
